Archive member included because of file (symbol)

/usr/local/CrossPack-AVR-20131216/lib/gcc/avr/4.8.1/avr5/libgcc.a(_udivmodqi4.o)
                              font.o (__udivmodqi4)
/usr/local/CrossPack-AVR-20131216/lib/gcc/avr/4.8.1/avr5/libgcc.a(_divmodhi4.o)
                              font.o (__divmodhi4)
/usr/local/CrossPack-AVR-20131216/lib/gcc/avr/4.8.1/avr5/libgcc.a(_exit.o)
                              /usr/local/CrossPack-AVR-20131216/lib/gcc/avr/4.8.1/../../../../avr/lib/avr5/crtm168.o (exit)
/usr/local/CrossPack-AVR-20131216/lib/gcc/avr/4.8.1/avr5/libgcc.a(_copy_data.o)
                              t6963.o (__do_copy_data)
/usr/local/CrossPack-AVR-20131216/lib/gcc/avr/4.8.1/avr5/libgcc.a(_clear_bss.o)
                              main.o (__do_clear_bss)
/usr/local/CrossPack-AVR-20131216/lib/gcc/avr/4.8.1/avr5/libgcc.a(_udivmodhi4.o)
                              /usr/local/CrossPack-AVR-20131216/lib/gcc/avr/4.8.1/avr5/libgcc.a(_divmodhi4.o) (__udivmodhi4)
/usr/local/CrossPack-AVR-20131216/lib/gcc/avr/4.8.1/../../../../avr/lib/avr5/libc.a(memset.o)
                              t6963.o (memset)
/usr/local/CrossPack-AVR-20131216/lib/gcc/avr/4.8.1/../../../../avr/lib/avr5/libc.a(eerd_byte_atmega168.o)
                              main.o (__eerd_byte_m168)
/usr/local/CrossPack-AVR-20131216/lib/gcc/avr/4.8.1/../../../../avr/lib/avr5/libc.a(eewr_byte_atmega168.o)
                              lcd.o (__eewr_byte_m168)

Allocating common symbols
Common symbol       size              file

drawing_mode        0x1               draw.o
prefs               0xd               main.o
functabP            0x2               main.o
y_dim               0x1               main.o
line_buffer         0x10              main.o
draw_buffer         0xa0              draw.o
x_dim               0x1               main.o

Memory Configuration

Name             Origin             Length             Attributes
text             0x00000000         0x00020000         xr
data             0x00800060         0x0000ffa0         rw !x
eeprom           0x00810000         0x00010000         rw !x
fuse             0x00820000         0x00000400         rw !x
lock             0x00830000         0x00000400         rw !x
signature        0x00840000         0x00000400         rw !x
user_signatures  0x00850000         0x00000400         rw !x
*default*        0x00000000         0xffffffff

Linker script and memory map

Address of section .data set to 0x800100
LOAD /usr/local/CrossPack-AVR-20131216/lib/gcc/avr/4.8.1/../../../../avr/lib/avr5/crtm168.o
LOAD main.o
LOAD backlight.o
LOAD draw.o
LOAD font.o
LOAD ks0108b.o
LOAD lcd.o
LOAD serial.o
LOAD sprite.o
LOAD t6963.o
LOAD /usr/local/CrossPack-AVR-20131216/lib/gcc/avr/4.8.1/../../../../avr/lib/avr5/libm.a
START GROUP
LOAD /usr/local/CrossPack-AVR-20131216/lib/gcc/avr/4.8.1/avr5/libgcc.a
LOAD /usr/local/CrossPack-AVR-20131216/lib/gcc/avr/4.8.1/../../../../avr/lib/avr5/libm.a
LOAD /usr/local/CrossPack-AVR-20131216/lib/gcc/avr/4.8.1/../../../../avr/lib/avr5/libc.a
END GROUP

.hash
 *(.hash)

.dynsym
 *(.dynsym)

.dynstr
 *(.dynstr)

.gnu.version
 *(.gnu.version)

.gnu.version_d
 *(.gnu.version_d)

.gnu.version_r
 *(.gnu.version_r)

.rel.init
 *(.rel.init)

.rela.init
 *(.rela.init)

.rel.text
 *(.rel.text)
 *(.rel.text.*)
 *(.rel.gnu.linkonce.t*)

.rela.text
 *(.rela.text)
 *(.rela.text.*)
 *(.rela.gnu.linkonce.t*)

.rel.fini
 *(.rel.fini)

.rela.fini
 *(.rela.fini)

.rel.rodata
 *(.rel.rodata)
 *(.rel.rodata.*)
 *(.rel.gnu.linkonce.r*)

.rela.rodata
 *(.rela.rodata)
 *(.rela.rodata.*)
 *(.rela.gnu.linkonce.r*)

.rel.data
 *(.rel.data)
 *(.rel.data.*)
 *(.rel.gnu.linkonce.d*)

.rela.data
 *(.rela.data)
 *(.rela.data.*)
 *(.rela.gnu.linkonce.d*)

.rel.ctors
 *(.rel.ctors)

.rela.ctors
 *(.rela.ctors)

.rel.dtors
 *(.rel.dtors)

.rela.dtors
 *(.rela.dtors)

.rel.got
 *(.rel.got)

.rela.got
 *(.rela.got)

.rel.bss
 *(.rel.bss)

.rela.bss
 *(.rela.bss)

.rel.plt
 *(.rel.plt)

.rela.plt
 *(.rela.plt)

.text           0x00000000     0x37c4
 *(.vectors)
 .vectors       0x00000000       0x68 /usr/local/CrossPack-AVR-20131216/lib/gcc/avr/4.8.1/../../../../avr/lib/avr5/crtm168.o
                0x00000000                __vectors
                0x00000000                __vector_default
 *(.vectors)
 *(.progmem.gcc*)
                0x00000068                . = ALIGN (0x2)
                0x00000068                __trampolines_start = .
 *(.trampolines)
 .trampolines   0x00000068        0x0 linker stubs
 *(.trampolines*)
                0x00000068                __trampolines_end = .
 *(.progmem*)
 .progmem.data  0x00000068       0xfb main.o
                0x00000068                bit_shift_rev_single_maskP
                0x00000070                bit_shift_single_maskP
                0x00000078                bit_shift_maskP
                0x0000015d                consts
 .progmem.data  0x00000163      0x309 font.o
 .progmem.data  0x0000046c       0x7b lcd.o
                0x000004e8                . = ALIGN (0x2)
 *fill*         0x000004e7        0x1 
 *(.jumptables)
 *(.jumptables*)
 *(.lowtext)
 *(.lowtext*)
                0x000004e8                __ctors_start = .
 *(.ctors)
                0x000004e8                __ctors_end = .
                0x000004e8                __dtors_start = .
 *(.dtors)
                0x000004e8                __dtors_end = .
 SORT(*)(.ctors)
 SORT(*)(.dtors)
 *(.init0)
 .init0         0x000004e8        0x0 /usr/local/CrossPack-AVR-20131216/lib/gcc/avr/4.8.1/../../../../avr/lib/avr5/crtm168.o
                0x000004e8                __init
 *(.init0)
 *(.init1)
 *(.init1)
 *(.init2)
 .init2         0x000004e8        0xc /usr/local/CrossPack-AVR-20131216/lib/gcc/avr/4.8.1/../../../../avr/lib/avr5/crtm168.o
 *(.init2)
 *(.init3)
 *(.init3)
 *(.init4)
 .init4         0x000004f4       0x16 /usr/local/CrossPack-AVR-20131216/lib/gcc/avr/4.8.1/avr5/libgcc.a(_copy_data.o)
                0x000004f4                __do_copy_data
 .init4         0x0000050a       0x10 /usr/local/CrossPack-AVR-20131216/lib/gcc/avr/4.8.1/avr5/libgcc.a(_clear_bss.o)
                0x0000050a                __do_clear_bss
 *(.init4)
 *(.init5)
 *(.init5)
 *(.init6)
 *(.init6)
 *(.init7)
 *(.init7)
 *(.init8)
 *(.init8)
 *(.init9)
 .init9         0x0000051a        0x8 /usr/local/CrossPack-AVR-20131216/lib/gcc/avr/4.8.1/../../../../avr/lib/avr5/crtm168.o
 *(.init9)
 *(.text)
 .text          0x00000522        0x4 /usr/local/CrossPack-AVR-20131216/lib/gcc/avr/4.8.1/../../../../avr/lib/avr5/crtm168.o
                0x00000522                __vector_20
                0x00000522                __vector_1
                0x00000522                __vector_24
                0x00000522                __vector_12
                0x00000522                __bad_interrupt
                0x00000522                __vector_3
                0x00000522                __vector_23
                0x00000522                __vector_25
                0x00000522                __vector_11
                0x00000522                __vector_13
                0x00000522                __vector_17
                0x00000522                __vector_19
                0x00000522                __vector_7
                0x00000522                __vector_5
                0x00000522                __vector_4
                0x00000522                __vector_9
                0x00000522                __vector_2
                0x00000522                __vector_21
                0x00000522                __vector_15
                0x00000522                __vector_8
                0x00000522                __vector_14
                0x00000522                __vector_10
                0x00000522                __vector_16
                0x00000522                __vector_22
 .text          0x00000526       0x22 main.o
                0x00000526                graphics_mode
                0x00000534                __vector_6
 .text          0x00000548       0x68 backlight.o
                0x00000548                backlight_init
                0x0000054e                backlight_level
 .text          0x000005b0      0xf48 draw.o
                0x00000b84                draw_mode
                0x00000b8a                draw_line
                0x00000d44                draw_lines
                0x00000dc2                draw_pixel
                0x00000e04                draw_circle
                0x00000e1a                draw_rbox
                0x00000e62                draw_polygon
                0x000012a0                fill_vbox
                0x000012fa                fill_box
                0x00001360                draw_box
                0x0000142a                erase_box
                0x0000143c                draw_vbitblt
 .text          0x000014f8      0x52a font.o
                0x000014f8                font_init
                0x00001560                font_set
                0x000015a6                font_mode
                0x000015ac                font_backspace
                0x0000162e                font_cr
                0x00001642                font_lf
                0x000016a0                font_draw
                0x0000187e                font_draw_stringP
                0x0000189c                font_draw_on_off
                0x000018ae                font_draw_number
                0x0000191a                font_position
                0x00001940                font_layout
 .text          0x00001a22      0x97c ks0108b.o
                0x00001c14                write_block
                0x00001cda                ks0108b_init
                0x00001d12                ks0108b_screen_clear
                0x00001d50                ks0108b_vscroll
                0x00001db2                ks0108b_screen_reverse
                0x00001df0                ks0108b_set_column
                0x00001ea4                ks0108b_set_pixel
                0x00001ec6                ks0108b_vbitblt
                0x00002238                ks0108b_hline
                0x000022e0                ks0108b_vline
 .text          0x0000239e      0x366 lcd.o
                0x0000239e                lcd_reset
                0x000023b4                lcd_screen_clear
                0x000023d4                lcd_factory_reset
                0x0000247e                lcd_set
                0x000024cc                lcd_query
                0x0000254a                lcd_screen_reverse
                0x0000257e                lcd_demo
 .text          0x00002704      0x248 serial.o
                0x00002704                serial_baudrate
                0x00002776                serial_init
                0x0000278c                serial_putc
                0x0000279a                serial_flush
                0x000027b4                serial_peek
                0x00002802                serial_getc
                0x0000285c                serial_flushc
                0x000028b2                __vector_18
 .text          0x0000294c      0x1fa sprite.o
                0x0000294c                sprite_draw
                0x00002a6c                sprite_upload
                0x00002b32                sprite_splash
 .text          0x00002b46      0x90e t6963.o
                0x00002cbe                t6963_screen_clear
                0x00002cf8                t6963_vscroll
                0x00002d94                t6963_screen_reverse
                0x00002e0c                t6963_init
                0x00002e56                t6963_read_row
                0x00002ef4                t6963_write_row
                0x00002f4e                t6963_rewrite_row
                0x00002ff2                t6963_set_row
                0x00003060                t6963_set_pixel
                0x000030ba                t6963_vbitblt
                0x00003334                t6963_hline
                0x00003410                t6963_vline
 .text          0x00003454        0x0 /usr/local/CrossPack-AVR-20131216/lib/gcc/avr/4.8.1/avr5/libgcc.a(_udivmodqi4.o)
 .text          0x00003454        0x0 /usr/local/CrossPack-AVR-20131216/lib/gcc/avr/4.8.1/avr5/libgcc.a(_divmodhi4.o)
 .text          0x00003454        0x0 /usr/local/CrossPack-AVR-20131216/lib/gcc/avr/4.8.1/avr5/libgcc.a(_exit.o)
 .text          0x00003454        0x0 /usr/local/CrossPack-AVR-20131216/lib/gcc/avr/4.8.1/avr5/libgcc.a(_copy_data.o)
 .text          0x00003454        0x0 /usr/local/CrossPack-AVR-20131216/lib/gcc/avr/4.8.1/avr5/libgcc.a(_clear_bss.o)
 .text          0x00003454        0x0 /usr/local/CrossPack-AVR-20131216/lib/gcc/avr/4.8.1/avr5/libgcc.a(_udivmodhi4.o)
 .text          0x00003454        0x0 /usr/local/CrossPack-AVR-20131216/lib/gcc/avr/4.8.1/../../../../avr/lib/avr5/libc.a(memset.o)
 .text          0x00003454        0x0 /usr/local/CrossPack-AVR-20131216/lib/gcc/avr/4.8.1/../../../../avr/lib/avr5/libc.a(eerd_byte_atmega168.o)
 .text          0x00003454        0x0 /usr/local/CrossPack-AVR-20131216/lib/gcc/avr/4.8.1/../../../../avr/lib/avr5/libc.a(eewr_byte_atmega168.o)
                0x00003454                . = ALIGN (0x2)
 *(.text.*)
 .text.startup  0x00003454      0x2ca main.o
                0x00003454                main
 .text.libgcc.mul
                0x0000371e        0x0 /usr/local/CrossPack-AVR-20131216/lib/gcc/avr/4.8.1/avr5/libgcc.a(_udivmodqi4.o)
 .text.libgcc.div
                0x0000371e       0x18 /usr/local/CrossPack-AVR-20131216/lib/gcc/avr/4.8.1/avr5/libgcc.a(_udivmodqi4.o)
                0x0000371e                __udivmodqi4
 .text.libgcc   0x00003736        0x0 /usr/local/CrossPack-AVR-20131216/lib/gcc/avr/4.8.1/avr5/libgcc.a(_udivmodqi4.o)
 .text.libgcc.prologue
                0x00003736        0x0 /usr/local/CrossPack-AVR-20131216/lib/gcc/avr/4.8.1/avr5/libgcc.a(_udivmodqi4.o)
 .text.libgcc.builtins
                0x00003736        0x0 /usr/local/CrossPack-AVR-20131216/lib/gcc/avr/4.8.1/avr5/libgcc.a(_udivmodqi4.o)
 .text.libgcc.fmul
                0x00003736        0x0 /usr/local/CrossPack-AVR-20131216/lib/gcc/avr/4.8.1/avr5/libgcc.a(_udivmodqi4.o)
 .text.libgcc.fixed
                0x00003736        0x0 /usr/local/CrossPack-AVR-20131216/lib/gcc/avr/4.8.1/avr5/libgcc.a(_udivmodqi4.o)
 .text.libgcc.mul
                0x00003736        0x0 /usr/local/CrossPack-AVR-20131216/lib/gcc/avr/4.8.1/avr5/libgcc.a(_divmodhi4.o)
 .text.libgcc.div
                0x00003736       0x28 /usr/local/CrossPack-AVR-20131216/lib/gcc/avr/4.8.1/avr5/libgcc.a(_divmodhi4.o)
                0x00003736                __divmodhi4
                0x00003736                _div
 .text.libgcc   0x0000375e        0x0 /usr/local/CrossPack-AVR-20131216/lib/gcc/avr/4.8.1/avr5/libgcc.a(_divmodhi4.o)
 .text.libgcc.prologue
                0x0000375e        0x0 /usr/local/CrossPack-AVR-20131216/lib/gcc/avr/4.8.1/avr5/libgcc.a(_divmodhi4.o)
 .text.libgcc.builtins
                0x0000375e        0x0 /usr/local/CrossPack-AVR-20131216/lib/gcc/avr/4.8.1/avr5/libgcc.a(_divmodhi4.o)
 .text.libgcc.fmul
                0x0000375e        0x0 /usr/local/CrossPack-AVR-20131216/lib/gcc/avr/4.8.1/avr5/libgcc.a(_divmodhi4.o)
 .text.libgcc.fixed
                0x0000375e        0x0 /usr/local/CrossPack-AVR-20131216/lib/gcc/avr/4.8.1/avr5/libgcc.a(_divmodhi4.o)
 .text.libgcc.mul
                0x0000375e        0x0 /usr/local/CrossPack-AVR-20131216/lib/gcc/avr/4.8.1/avr5/libgcc.a(_exit.o)
 .text.libgcc.div
                0x0000375e        0x0 /usr/local/CrossPack-AVR-20131216/lib/gcc/avr/4.8.1/avr5/libgcc.a(_exit.o)
 .text.libgcc   0x0000375e        0x0 /usr/local/CrossPack-AVR-20131216/lib/gcc/avr/4.8.1/avr5/libgcc.a(_exit.o)
 .text.libgcc.prologue
                0x0000375e        0x0 /usr/local/CrossPack-AVR-20131216/lib/gcc/avr/4.8.1/avr5/libgcc.a(_exit.o)
 .text.libgcc.builtins
                0x0000375e        0x0 /usr/local/CrossPack-AVR-20131216/lib/gcc/avr/4.8.1/avr5/libgcc.a(_exit.o)
 .text.libgcc.fmul
                0x0000375e        0x0 /usr/local/CrossPack-AVR-20131216/lib/gcc/avr/4.8.1/avr5/libgcc.a(_exit.o)
 .text.libgcc.fixed
                0x0000375e        0x0 /usr/local/CrossPack-AVR-20131216/lib/gcc/avr/4.8.1/avr5/libgcc.a(_exit.o)
 .text.libgcc.mul
                0x0000375e        0x0 /usr/local/CrossPack-AVR-20131216/lib/gcc/avr/4.8.1/avr5/libgcc.a(_copy_data.o)
 .text.libgcc.div
                0x0000375e        0x0 /usr/local/CrossPack-AVR-20131216/lib/gcc/avr/4.8.1/avr5/libgcc.a(_copy_data.o)
 .text.libgcc   0x0000375e        0x0 /usr/local/CrossPack-AVR-20131216/lib/gcc/avr/4.8.1/avr5/libgcc.a(_copy_data.o)
 .text.libgcc.prologue
                0x0000375e        0x0 /usr/local/CrossPack-AVR-20131216/lib/gcc/avr/4.8.1/avr5/libgcc.a(_copy_data.o)
 .text.libgcc.builtins
                0x0000375e        0x0 /usr/local/CrossPack-AVR-20131216/lib/gcc/avr/4.8.1/avr5/libgcc.a(_copy_data.o)
 .text.libgcc.fmul
                0x0000375e        0x0 /usr/local/CrossPack-AVR-20131216/lib/gcc/avr/4.8.1/avr5/libgcc.a(_copy_data.o)
 .text.libgcc.fixed
                0x0000375e        0x0 /usr/local/CrossPack-AVR-20131216/lib/gcc/avr/4.8.1/avr5/libgcc.a(_copy_data.o)
 .text.libgcc.mul
                0x0000375e        0x0 /usr/local/CrossPack-AVR-20131216/lib/gcc/avr/4.8.1/avr5/libgcc.a(_clear_bss.o)
 .text.libgcc.div
                0x0000375e        0x0 /usr/local/CrossPack-AVR-20131216/lib/gcc/avr/4.8.1/avr5/libgcc.a(_clear_bss.o)
 .text.libgcc   0x0000375e        0x0 /usr/local/CrossPack-AVR-20131216/lib/gcc/avr/4.8.1/avr5/libgcc.a(_clear_bss.o)
 .text.libgcc.prologue
                0x0000375e        0x0 /usr/local/CrossPack-AVR-20131216/lib/gcc/avr/4.8.1/avr5/libgcc.a(_clear_bss.o)
 .text.libgcc.builtins
                0x0000375e        0x0 /usr/local/CrossPack-AVR-20131216/lib/gcc/avr/4.8.1/avr5/libgcc.a(_clear_bss.o)
 .text.libgcc.fmul
                0x0000375e        0x0 /usr/local/CrossPack-AVR-20131216/lib/gcc/avr/4.8.1/avr5/libgcc.a(_clear_bss.o)
 .text.libgcc.fixed
                0x0000375e        0x0 /usr/local/CrossPack-AVR-20131216/lib/gcc/avr/4.8.1/avr5/libgcc.a(_clear_bss.o)
 .text.libgcc.mul
                0x0000375e        0x0 /usr/local/CrossPack-AVR-20131216/lib/gcc/avr/4.8.1/avr5/libgcc.a(_udivmodhi4.o)
 .text.libgcc.div
                0x0000375e       0x28 /usr/local/CrossPack-AVR-20131216/lib/gcc/avr/4.8.1/avr5/libgcc.a(_udivmodhi4.o)
                0x0000375e                __udivmodhi4
 .text.libgcc   0x00003786        0x0 /usr/local/CrossPack-AVR-20131216/lib/gcc/avr/4.8.1/avr5/libgcc.a(_udivmodhi4.o)
 .text.libgcc.prologue
                0x00003786        0x0 /usr/local/CrossPack-AVR-20131216/lib/gcc/avr/4.8.1/avr5/libgcc.a(_udivmodhi4.o)
 .text.libgcc.builtins
                0x00003786        0x0 /usr/local/CrossPack-AVR-20131216/lib/gcc/avr/4.8.1/avr5/libgcc.a(_udivmodhi4.o)
 .text.libgcc.fmul
                0x00003786        0x0 /usr/local/CrossPack-AVR-20131216/lib/gcc/avr/4.8.1/avr5/libgcc.a(_udivmodhi4.o)
 .text.libgcc.fixed
                0x00003786        0x0 /usr/local/CrossPack-AVR-20131216/lib/gcc/avr/4.8.1/avr5/libgcc.a(_udivmodhi4.o)
 .text.avr-libc
                0x00003786        0xe /usr/local/CrossPack-AVR-20131216/lib/gcc/avr/4.8.1/../../../../avr/lib/avr5/libc.a(memset.o)
                0x00003786                memset
 .text.avr-libc
                0x00003794       0x10 /usr/local/CrossPack-AVR-20131216/lib/gcc/avr/4.8.1/../../../../avr/lib/avr5/libc.a(eerd_byte_atmega168.o)
                0x00003794                __eerd_byte_m168
 .text.avr-libc
                0x000037a4       0x1c /usr/local/CrossPack-AVR-20131216/lib/gcc/avr/4.8.1/../../../../avr/lib/avr5/libc.a(eewr_byte_atmega168.o)
                0x000037a4                __eewr_byte_m168
                0x000037a6                __eewr_r18_m168
                0x000037c0                . = ALIGN (0x2)
 *(.fini9)
 .fini9         0x000037c0        0x0 /usr/local/CrossPack-AVR-20131216/lib/gcc/avr/4.8.1/avr5/libgcc.a(_exit.o)
                0x000037c0                exit
                0x000037c0                _exit
 *(.fini9)
 *(.fini8)
 *(.fini8)
 *(.fini7)
 *(.fini7)
 *(.fini6)
 *(.fini6)
 *(.fini5)
 *(.fini5)
 *(.fini4)
 *(.fini4)
 *(.fini3)
 *(.fini3)
 *(.fini2)
 *(.fini2)
 *(.fini1)
 *(.fini1)
 *(.fini0)
 .fini0         0x000037c0        0x4 /usr/local/CrossPack-AVR-20131216/lib/gcc/avr/4.8.1/avr5/libgcc.a(_exit.o)
 *(.fini0)
                0x000037c4                _etext = .

.data           0x00800100        0x2 load address 0x000037c4
                0x00800100                PROVIDE (__data_start, .)
 *(.data)
 .data          0x00800100        0x0 /usr/local/CrossPack-AVR-20131216/lib/gcc/avr/4.8.1/../../../../avr/lib/avr5/crtm168.o
 .data          0x00800100        0x0 main.o
 .data          0x00800100        0x0 backlight.o
 .data          0x00800100        0x0 draw.o
 .data          0x00800100        0x0 font.o
 .data          0x00800100        0x0 ks0108b.o
 .data          0x00800100        0x0 lcd.o
 .data          0x00800100        0x0 serial.o
 .data          0x00800100        0x0 sprite.o
 .data          0x00800100        0x1 t6963.o
 .data          0x00800101        0x0 /usr/local/CrossPack-AVR-20131216/lib/gcc/avr/4.8.1/avr5/libgcc.a(_udivmodqi4.o)
 .data          0x00800101        0x0 /usr/local/CrossPack-AVR-20131216/lib/gcc/avr/4.8.1/avr5/libgcc.a(_divmodhi4.o)
 .data          0x00800101        0x0 /usr/local/CrossPack-AVR-20131216/lib/gcc/avr/4.8.1/avr5/libgcc.a(_exit.o)
 .data          0x00800101        0x0 /usr/local/CrossPack-AVR-20131216/lib/gcc/avr/4.8.1/avr5/libgcc.a(_copy_data.o)
 .data          0x00800101        0x0 /usr/local/CrossPack-AVR-20131216/lib/gcc/avr/4.8.1/avr5/libgcc.a(_clear_bss.o)
 .data          0x00800101        0x0 /usr/local/CrossPack-AVR-20131216/lib/gcc/avr/4.8.1/avr5/libgcc.a(_udivmodhi4.o)
 .data          0x00800101        0x0 /usr/local/CrossPack-AVR-20131216/lib/gcc/avr/4.8.1/../../../../avr/lib/avr5/libc.a(memset.o)
 .data          0x00800101        0x0 /usr/local/CrossPack-AVR-20131216/lib/gcc/avr/4.8.1/../../../../avr/lib/avr5/libc.a(eerd_byte_atmega168.o)
 .data          0x00800101        0x0 /usr/local/CrossPack-AVR-20131216/lib/gcc/avr/4.8.1/../../../../avr/lib/avr5/libc.a(eewr_byte_atmega168.o)
 *(.data*)
 *(.rodata)
 *(.rodata*)
 *(.gnu.linkonce.d*)
                0x00800102                . = ALIGN (0x2)
 *fill*         0x00800101        0x1 
                0x00800102                _edata = .
                0x00800102                PROVIDE (__data_end, .)

.bss            0x00800102      0x2a2
                0x00800102                PROVIDE (__bss_start, .)
 *(.bss)
 .bss           0x00800102        0x0 /usr/local/CrossPack-AVR-20131216/lib/gcc/avr/4.8.1/../../../../avr/lib/avr5/crtm168.o
 .bss           0x00800102        0x0 main.o
 .bss           0x00800102        0x0 backlight.o
 .bss           0x00800102        0x0 draw.o
 .bss           0x00800102        0xf font.o
 .bss           0x00800111        0x1 ks0108b.o
 .bss           0x00800112        0x0 lcd.o
 .bss           0x00800112      0x104 serial.o
 .bss           0x00800216       0xcc sprite.o
 .bss           0x008002e2        0x0 t6963.o
 .bss           0x008002e2        0x0 /usr/local/CrossPack-AVR-20131216/lib/gcc/avr/4.8.1/avr5/libgcc.a(_udivmodqi4.o)
 .bss           0x008002e2        0x0 /usr/local/CrossPack-AVR-20131216/lib/gcc/avr/4.8.1/avr5/libgcc.a(_divmodhi4.o)
 .bss           0x008002e2        0x0 /usr/local/CrossPack-AVR-20131216/lib/gcc/avr/4.8.1/avr5/libgcc.a(_exit.o)
 .bss           0x008002e2        0x0 /usr/local/CrossPack-AVR-20131216/lib/gcc/avr/4.8.1/avr5/libgcc.a(_copy_data.o)
 .bss           0x008002e2        0x0 /usr/local/CrossPack-AVR-20131216/lib/gcc/avr/4.8.1/avr5/libgcc.a(_clear_bss.o)
 .bss           0x008002e2        0x0 /usr/local/CrossPack-AVR-20131216/lib/gcc/avr/4.8.1/avr5/libgcc.a(_udivmodhi4.o)
 .bss           0x008002e2        0x0 /usr/local/CrossPack-AVR-20131216/lib/gcc/avr/4.8.1/../../../../avr/lib/avr5/libc.a(memset.o)
 .bss           0x008002e2        0x0 /usr/local/CrossPack-AVR-20131216/lib/gcc/avr/4.8.1/../../../../avr/lib/avr5/libc.a(eerd_byte_atmega168.o)
 .bss           0x008002e2        0x0 /usr/local/CrossPack-AVR-20131216/lib/gcc/avr/4.8.1/../../../../avr/lib/avr5/libc.a(eewr_byte_atmega168.o)
 *(.bss*)
 *(COMMON)
 COMMON         0x008002e2       0x21 main.o
                0x008002e2                prefs
                0x008002ef                functabP
                0x008002f1                y_dim
                0x008002f2                line_buffer
                0x00800302                x_dim
 COMMON         0x00800303       0xa1 draw.o
                0x00800303                drawing_mode
                0x00800304                draw_buffer
                0x008003a4                PROVIDE (__bss_end, .)
                0x000037c4                __data_load_start = LOADADDR (.data)
                0x000037c6                __data_load_end = (__data_load_start + SIZEOF (.data))

.noinit         0x008003a4        0x0
                0x008003a4                PROVIDE (__noinit_start, .)
 *(.noinit*)
                0x008003a4                PROVIDE (__noinit_end, .)
                0x008003a4                _end = .
                0x008003a4                PROVIDE (__heap_start, .)

.eeprom         0x00810000        0x0
 *(.eeprom*)
                0x00810000                __eeprom_end = .

.fuse
 *(.fuse)
 *(.lfuse)
 *(.hfuse)
 *(.efuse)

.lock
 *(.lock*)

.signature
 *(.signature*)

.user_signatures
 *(.user_signatures*)

.stab
 *(.stab)

.stabstr
 *(.stabstr)

.stab.excl
 *(.stab.excl)

.stab.exclstr
 *(.stab.exclstr)

.stab.index
 *(.stab.index)

.stab.indexstr
 *(.stab.indexstr)

.comment        0x00000000       0x11
 *(.comment)
 .comment       0x00000000       0x11 main.o
                                 0x12 (size before relaxing)
 .comment       0x00000000       0x12 backlight.o
 .comment       0x00000000       0x12 draw.o
 .comment       0x00000000       0x12 font.o
 .comment       0x00000000       0x12 ks0108b.o
 .comment       0x00000000       0x12 lcd.o
 .comment       0x00000000       0x12 serial.o
 .comment       0x00000000       0x12 sprite.o
 .comment       0x00000000       0x12 t6963.o

.debug
 *(.debug)

.line
 *(.line)

.debug_srcinfo
 *(.debug_srcinfo)

.debug_sfnames
 *(.debug_sfnames)

.debug_aranges  0x00000000      0x1e8
 *(.debug_aranges)
 .debug_aranges
                0x00000000       0x28 main.o
 .debug_aranges
                0x00000028       0x20 backlight.o
 .debug_aranges
                0x00000048       0x20 draw.o
 .debug_aranges
                0x00000068       0x20 font.o
 .debug_aranges
                0x00000088       0x20 ks0108b.o
 .debug_aranges
                0x000000a8       0x20 lcd.o
 .debug_aranges
                0x000000c8       0x20 serial.o
 .debug_aranges
                0x000000e8       0x20 sprite.o
 .debug_aranges
                0x00000108       0x20 t6963.o
 .debug_aranges
                0x00000128       0x20 /usr/local/CrossPack-AVR-20131216/lib/gcc/avr/4.8.1/avr5/libgcc.a(_udivmodqi4.o)
 .debug_aranges
                0x00000148       0x20 /usr/local/CrossPack-AVR-20131216/lib/gcc/avr/4.8.1/avr5/libgcc.a(_divmodhi4.o)
 .debug_aranges
                0x00000168       0x20 /usr/local/CrossPack-AVR-20131216/lib/gcc/avr/4.8.1/avr5/libgcc.a(_exit.o)
 .debug_aranges
                0x00000188       0x20 /usr/local/CrossPack-AVR-20131216/lib/gcc/avr/4.8.1/avr5/libgcc.a(_copy_data.o)
 .debug_aranges
                0x000001a8       0x20 /usr/local/CrossPack-AVR-20131216/lib/gcc/avr/4.8.1/avr5/libgcc.a(_clear_bss.o)
 .debug_aranges
                0x000001c8       0x20 /usr/local/CrossPack-AVR-20131216/lib/gcc/avr/4.8.1/avr5/libgcc.a(_udivmodhi4.o)

.debug_pubnames
 *(.debug_pubnames)

.debug_info     0x00000000     0x6c0b
 *(.debug_info)
 .debug_info    0x00000000      0xa90 main.o
 .debug_info    0x00000a90      0x23d backlight.o
 .debug_info    0x00000ccd     0x1b3e draw.o
 .debug_info    0x0000280b      0xb3b font.o
 .debug_info    0x00003346      0xf23 ks0108b.o
 .debug_info    0x00004269      0xb28 lcd.o
 .debug_info    0x00004d91      0x30b serial.o
 .debug_info    0x0000509c      0x3ba sprite.o
 .debug_info    0x00005456     0x1341 t6963.o
 .debug_info    0x00006797       0xbe /usr/local/CrossPack-AVR-20131216/lib/gcc/avr/4.8.1/avr5/libgcc.a(_udivmodqi4.o)
 .debug_info    0x00006855       0xbe /usr/local/CrossPack-AVR-20131216/lib/gcc/avr/4.8.1/avr5/libgcc.a(_divmodhi4.o)
 .debug_info    0x00006913       0xbe /usr/local/CrossPack-AVR-20131216/lib/gcc/avr/4.8.1/avr5/libgcc.a(_exit.o)
 .debug_info    0x000069d1       0xbe /usr/local/CrossPack-AVR-20131216/lib/gcc/avr/4.8.1/avr5/libgcc.a(_copy_data.o)
 .debug_info    0x00006a8f       0xbe /usr/local/CrossPack-AVR-20131216/lib/gcc/avr/4.8.1/avr5/libgcc.a(_clear_bss.o)
 .debug_info    0x00006b4d       0xbe /usr/local/CrossPack-AVR-20131216/lib/gcc/avr/4.8.1/avr5/libgcc.a(_udivmodhi4.o)
 *(.gnu.linkonce.wi.*)

.debug_abbrev   0x00000000     0x160b
 *(.debug_abbrev)
 .debug_abbrev  0x00000000      0x24d main.o
 .debug_abbrev  0x0000024d       0xf1 backlight.o
 .debug_abbrev  0x0000033e      0x340 draw.o
 .debug_abbrev  0x0000067e      0x2ca font.o
 .debug_abbrev  0x00000948      0x2ef ks0108b.o
 .debug_abbrev  0x00000c37      0x2e8 lcd.o
 .debug_abbrev  0x00000f1f      0x19a serial.o
 .debug_abbrev  0x000010b9      0x1ae sprite.o
 .debug_abbrev  0x00001267      0x32c t6963.o
 .debug_abbrev  0x00001593       0x14 /usr/local/CrossPack-AVR-20131216/lib/gcc/avr/4.8.1/avr5/libgcc.a(_udivmodqi4.o)
 .debug_abbrev  0x000015a7       0x14 /usr/local/CrossPack-AVR-20131216/lib/gcc/avr/4.8.1/avr5/libgcc.a(_divmodhi4.o)
 .debug_abbrev  0x000015bb       0x14 /usr/local/CrossPack-AVR-20131216/lib/gcc/avr/4.8.1/avr5/libgcc.a(_exit.o)
 .debug_abbrev  0x000015cf       0x14 /usr/local/CrossPack-AVR-20131216/lib/gcc/avr/4.8.1/avr5/libgcc.a(_copy_data.o)
 .debug_abbrev  0x000015e3       0x14 /usr/local/CrossPack-AVR-20131216/lib/gcc/avr/4.8.1/avr5/libgcc.a(_clear_bss.o)
 .debug_abbrev  0x000015f7       0x14 /usr/local/CrossPack-AVR-20131216/lib/gcc/avr/4.8.1/avr5/libgcc.a(_udivmodhi4.o)

.debug_line     0x00000000     0x1218
 *(.debug_line)
 .debug_line    0x00000000      0x146 main.o
 .debug_line    0x00000146       0x97 backlight.o
 .debug_line    0x000001dd      0x2af draw.o
 .debug_line    0x0000048c      0x1b6 font.o
 .debug_line    0x00000642      0x2be ks0108b.o
 .debug_line    0x00000900      0x1ac lcd.o
 .debug_line    0x00000aac       0xfc serial.o
 .debug_line    0x00000ba8      0x10b sprite.o
 .debug_line    0x00000cb3      0x319 t6963.o
 .debug_line    0x00000fcc       0x62 /usr/local/CrossPack-AVR-20131216/lib/gcc/avr/4.8.1/avr5/libgcc.a(_udivmodqi4.o)
 .debug_line    0x0000102e       0x69 /usr/local/CrossPack-AVR-20131216/lib/gcc/avr/4.8.1/avr5/libgcc.a(_divmodhi4.o)
 .debug_line    0x00001097       0x58 /usr/local/CrossPack-AVR-20131216/lib/gcc/avr/4.8.1/avr5/libgcc.a(_exit.o)
 .debug_line    0x000010ef       0x61 /usr/local/CrossPack-AVR-20131216/lib/gcc/avr/4.8.1/avr5/libgcc.a(_copy_data.o)
 .debug_line    0x00001150       0x5e /usr/local/CrossPack-AVR-20131216/lib/gcc/avr/4.8.1/avr5/libgcc.a(_clear_bss.o)
 .debug_line    0x000011ae       0x6a /usr/local/CrossPack-AVR-20131216/lib/gcc/avr/4.8.1/avr5/libgcc.a(_udivmodhi4.o)

.debug_frame    0x00000000      0xef8
 *(.debug_frame)
 .debug_frame   0x00000000       0x64 main.o
 .debug_frame   0x00000064       0x3c backlight.o
 .debug_frame   0x000000a0      0x344 draw.o
 .debug_frame   0x000003e4      0x184 font.o
 .debug_frame   0x00000568      0x364 ks0108b.o
 .debug_frame   0x000008cc       0xfc lcd.o
 .debug_frame   0x000009c8      0x10c serial.o
 .debug_frame   0x00000ad4       0xc4 sprite.o
 .debug_frame   0x00000b98      0x360 t6963.o

.debug_str      0x00000000     0x11a5
 *(.debug_str)
 .debug_str     0x00000000      0x85b main.o
                                0x8a9 (size before relaxing)
 .debug_str     0x0000085b       0x14 backlight.o
                                0x42b (size before relaxing)
 .debug_str     0x0000086f      0x1a9 draw.o
                                0x41b (size before relaxing)
 .debug_str     0x00000a18      0x169 font.o
                                0x6a8 (size before relaxing)
 .debug_str     0x00000b81      0x29a ks0108b.o
                                0x494 (size before relaxing)
 .debug_str     0x00000e1b       0xf1 lcd.o
                                0x6b6 (size before relaxing)
 .debug_str     0x00000f0c       0x5b serial.o
                                0x216 (size before relaxing)
 .debug_str     0x00000f67       0x64 sprite.o
                                0x234 (size before relaxing)
 .debug_str     0x00000fcb      0x1da t6963.o
                                0x3f2 (size before relaxing)

.debug_loc      0x00000000     0x7820
 *(.debug_loc)
 .debug_loc     0x00000000      0x41d main.o
 .debug_loc     0x0000041d       0x79 backlight.o
 .debug_loc     0x00000496     0x2778 draw.o
 .debug_loc     0x00002c0e      0x9b9 font.o
 .debug_loc     0x000035c7     0x1b66 ks0108b.o
 .debug_loc     0x0000512d      0x59d lcd.o
 .debug_loc     0x000056ca      0x25f serial.o
 .debug_loc     0x00005929      0x516 sprite.o
 .debug_loc     0x00005e3f     0x19e1 t6963.o

.debug_macinfo
 *(.debug_macinfo)

.debug_pubtypes
 *(.debug_pubtypes)

.debug_ranges   0x00000000      0x370
 *(.debug_ranges)
 .debug_ranges  0x00000000       0x48 main.o
 .debug_ranges  0x00000048       0xb0 draw.o
 .debug_ranges  0x000000f8       0x68 font.o
 .debug_ranges  0x00000160       0x90 ks0108b.o
 .debug_ranges  0x000001f0      0x180 t6963.o

.debug_macro
 *(.debug_macro)
OUTPUT(main.elf elf32-avr)
LOAD linker stubs

Cross Reference Table

Symbol                                            File
__bad_interrupt                                   /usr/local/CrossPack-AVR-20131216/lib/gcc/avr/4.8.1/../../../../avr/lib/avr5/crtm168.o
__bss_end                                         /usr/local/CrossPack-AVR-20131216/lib/gcc/avr/4.8.1/avr5/libgcc.a(_clear_bss.o)
__bss_start                                       /usr/local/CrossPack-AVR-20131216/lib/gcc/avr/4.8.1/avr5/libgcc.a(_clear_bss.o)
__data_end                                        /usr/local/CrossPack-AVR-20131216/lib/gcc/avr/4.8.1/avr5/libgcc.a(_copy_data.o)
__data_load_start                                 /usr/local/CrossPack-AVR-20131216/lib/gcc/avr/4.8.1/avr5/libgcc.a(_copy_data.o)
__data_start                                      /usr/local/CrossPack-AVR-20131216/lib/gcc/avr/4.8.1/avr5/libgcc.a(_copy_data.o)
__divmodhi4                                       /usr/local/CrossPack-AVR-20131216/lib/gcc/avr/4.8.1/avr5/libgcc.a(_divmodhi4.o)
                                                  font.o
__do_clear_bss                                    /usr/local/CrossPack-AVR-20131216/lib/gcc/avr/4.8.1/avr5/libgcc.a(_clear_bss.o)
                                                  t6963.o
                                                  sprite.o
                                                  serial.o
                                                  lcd.o
                                                  ks0108b.o
                                                  font.o
                                                  draw.o
                                                  backlight.o
                                                  main.o
__do_copy_data                                    /usr/local/CrossPack-AVR-20131216/lib/gcc/avr/4.8.1/avr5/libgcc.a(_copy_data.o)
                                                  t6963.o
__eerd_byte_m168                                  /usr/local/CrossPack-AVR-20131216/lib/gcc/avr/4.8.1/../../../../avr/lib/avr5/libc.a(eerd_byte_atmega168.o)
                                                  sprite.o
                                                  lcd.o
                                                  main.o
__eewr_byte_m168                                  /usr/local/CrossPack-AVR-20131216/lib/gcc/avr/4.8.1/../../../../avr/lib/avr5/libc.a(eewr_byte_atmega168.o)
                                                  sprite.o
                                                  lcd.o
__eewr_r18_m168                                   /usr/local/CrossPack-AVR-20131216/lib/gcc/avr/4.8.1/../../../../avr/lib/avr5/libc.a(eewr_byte_atmega168.o)
__heap_end                                        /usr/local/CrossPack-AVR-20131216/lib/gcc/avr/4.8.1/../../../../avr/lib/avr5/crtm168.o
__init                                            /usr/local/CrossPack-AVR-20131216/lib/gcc/avr/4.8.1/../../../../avr/lib/avr5/crtm168.o
__stack                                           /usr/local/CrossPack-AVR-20131216/lib/gcc/avr/4.8.1/../../../../avr/lib/avr5/crtm168.o
__udivmodhi4                                      /usr/local/CrossPack-AVR-20131216/lib/gcc/avr/4.8.1/avr5/libgcc.a(_udivmodhi4.o)
                                                  /usr/local/CrossPack-AVR-20131216/lib/gcc/avr/4.8.1/avr5/libgcc.a(_divmodhi4.o)
__udivmodqi4                                      /usr/local/CrossPack-AVR-20131216/lib/gcc/avr/4.8.1/avr5/libgcc.a(_udivmodqi4.o)
                                                  font.o
__vector_1                                        /usr/local/CrossPack-AVR-20131216/lib/gcc/avr/4.8.1/../../../../avr/lib/avr5/crtm168.o
__vector_10                                       /usr/local/CrossPack-AVR-20131216/lib/gcc/avr/4.8.1/../../../../avr/lib/avr5/crtm168.o
__vector_11                                       /usr/local/CrossPack-AVR-20131216/lib/gcc/avr/4.8.1/../../../../avr/lib/avr5/crtm168.o
__vector_12                                       /usr/local/CrossPack-AVR-20131216/lib/gcc/avr/4.8.1/../../../../avr/lib/avr5/crtm168.o
__vector_13                                       /usr/local/CrossPack-AVR-20131216/lib/gcc/avr/4.8.1/../../../../avr/lib/avr5/crtm168.o
__vector_14                                       /usr/local/CrossPack-AVR-20131216/lib/gcc/avr/4.8.1/../../../../avr/lib/avr5/crtm168.o
__vector_15                                       /usr/local/CrossPack-AVR-20131216/lib/gcc/avr/4.8.1/../../../../avr/lib/avr5/crtm168.o
__vector_16                                       /usr/local/CrossPack-AVR-20131216/lib/gcc/avr/4.8.1/../../../../avr/lib/avr5/crtm168.o
__vector_17                                       /usr/local/CrossPack-AVR-20131216/lib/gcc/avr/4.8.1/../../../../avr/lib/avr5/crtm168.o
__vector_18                                       serial.o
                                                  /usr/local/CrossPack-AVR-20131216/lib/gcc/avr/4.8.1/../../../../avr/lib/avr5/crtm168.o
__vector_19                                       /usr/local/CrossPack-AVR-20131216/lib/gcc/avr/4.8.1/../../../../avr/lib/avr5/crtm168.o
__vector_2                                        /usr/local/CrossPack-AVR-20131216/lib/gcc/avr/4.8.1/../../../../avr/lib/avr5/crtm168.o
__vector_20                                       /usr/local/CrossPack-AVR-20131216/lib/gcc/avr/4.8.1/../../../../avr/lib/avr5/crtm168.o
__vector_21                                       /usr/local/CrossPack-AVR-20131216/lib/gcc/avr/4.8.1/../../../../avr/lib/avr5/crtm168.o
__vector_22                                       /usr/local/CrossPack-AVR-20131216/lib/gcc/avr/4.8.1/../../../../avr/lib/avr5/crtm168.o
__vector_23                                       /usr/local/CrossPack-AVR-20131216/lib/gcc/avr/4.8.1/../../../../avr/lib/avr5/crtm168.o
__vector_24                                       /usr/local/CrossPack-AVR-20131216/lib/gcc/avr/4.8.1/../../../../avr/lib/avr5/crtm168.o
__vector_25                                       /usr/local/CrossPack-AVR-20131216/lib/gcc/avr/4.8.1/../../../../avr/lib/avr5/crtm168.o
__vector_3                                        /usr/local/CrossPack-AVR-20131216/lib/gcc/avr/4.8.1/../../../../avr/lib/avr5/crtm168.o
__vector_4                                        /usr/local/CrossPack-AVR-20131216/lib/gcc/avr/4.8.1/../../../../avr/lib/avr5/crtm168.o
__vector_5                                        /usr/local/CrossPack-AVR-20131216/lib/gcc/avr/4.8.1/../../../../avr/lib/avr5/crtm168.o
__vector_6                                        main.o
                                                  /usr/local/CrossPack-AVR-20131216/lib/gcc/avr/4.8.1/../../../../avr/lib/avr5/crtm168.o
__vector_7                                        /usr/local/CrossPack-AVR-20131216/lib/gcc/avr/4.8.1/../../../../avr/lib/avr5/crtm168.o
__vector_8                                        /usr/local/CrossPack-AVR-20131216/lib/gcc/avr/4.8.1/../../../../avr/lib/avr5/crtm168.o
__vector_9                                        /usr/local/CrossPack-AVR-20131216/lib/gcc/avr/4.8.1/../../../../avr/lib/avr5/crtm168.o
__vector_default                                  /usr/local/CrossPack-AVR-20131216/lib/gcc/avr/4.8.1/../../../../avr/lib/avr5/crtm168.o
__vectors                                         /usr/local/CrossPack-AVR-20131216/lib/gcc/avr/4.8.1/../../../../avr/lib/avr5/crtm168.o
_div                                              /usr/local/CrossPack-AVR-20131216/lib/gcc/avr/4.8.1/avr5/libgcc.a(_divmodhi4.o)
_exit                                             /usr/local/CrossPack-AVR-20131216/lib/gcc/avr/4.8.1/avr5/libgcc.a(_exit.o)
backlight_init                                    backlight.o
                                                  main.o
backlight_level                                   backlight.o
                                                  main.o
bit_shift_maskP                                   main.o
                                                  t6963.o
                                                  ks0108b.o
bit_shift_rev_single_maskP                        main.o
                                                  t6963.o
bit_shift_single_maskP                            main.o
                                                  ks0108b.o
consts                                            main.o
                                                  lcd.o
draw_box                                          draw.o
                                                  main.o
draw_buffer                                       t6963.o
                                                  sprite.o
                                                  lcd.o
                                                  ks0108b.o
                                                  font.o
                                                  draw.o
draw_circle                                       draw.o
                                                  main.o
draw_line                                         draw.o
                                                  main.o
draw_lines                                        draw.o
                                                  main.o
draw_mode                                         draw.o
                                                  main.o
draw_pixel                                        draw.o
                                                  main.o
draw_polygon                                      draw.o
                                                  main.o
draw_rbox                                         draw.o
                                                  lcd.o
                                                  main.o
draw_vbitblt                                      draw.o
                                                  sprite.o
                                                  main.o
drawing_mode                                      draw.o
                                                  main.o
erase_box                                         draw.o
                                                  main.o
exit                                              /usr/local/CrossPack-AVR-20131216/lib/gcc/avr/4.8.1/avr5/libgcc.a(_exit.o)
                                                  /usr/local/CrossPack-AVR-20131216/lib/gcc/avr/4.8.1/../../../../avr/lib/avr5/crtm168.o
fill_box                                          draw.o
                                                  font.o
                                                  main.o
fill_vbox                                         draw.o
                                                  main.o
font_backspace                                    font.o
                                                  main.o
font_cr                                           font.o
                                                  main.o
font_draw                                         font.o
                                                  lcd.o
                                                  main.o
font_draw_number                                  font.o
                                                  lcd.o
font_draw_on_off                                  font.o
                                                  lcd.o
font_draw_stringP                                 font.o
                                                  lcd.o
font_init                                         font.o
font_layout                                       font.o
                                                  main.o
font_lf                                           font.o
                                                  main.o
font_mode                                         font.o
                                                  main.o
font_position                                     font.o
                                                  lcd.o
                                                  main.o
font_set                                          font.o
                                                  lcd.o
                                                  main.o
functabP                                          lcd.o
                                                  font.o
                                                  draw.o
                                                  main.o
graphics_mode                                     main.o
ks0108b_hline                                     ks0108b.o
                                                  main.o
ks0108b_init                                      ks0108b.o
                                                  main.o
ks0108b_screen_clear                              ks0108b.o
                                                  main.o
ks0108b_screen_reverse                            ks0108b.o
                                                  main.o
ks0108b_set_column                                ks0108b.o
ks0108b_set_pixel                                 ks0108b.o
                                                  main.o
ks0108b_vbitblt                                   ks0108b.o
                                                  main.o
ks0108b_vline                                     ks0108b.o
                                                  main.o
ks0108b_vscroll                                   ks0108b.o
                                                  main.o
lcd_demo                                          lcd.o
                                                  main.o
lcd_factory_reset                                 lcd.o
                                                  main.o
lcd_query                                         lcd.o
                                                  main.o
lcd_reset                                         lcd.o
                                                  main.o
lcd_screen_clear                                  lcd.o
                                                  main.o
lcd_screen_reverse                                lcd.o
                                                  main.o
lcd_set                                           lcd.o
                                                  sprite.o
                                                  serial.o
                                                  font.o
                                                  backlight.o
                                                  main.o
line_buffer                                       t6963.o
                                                  sprite.o
                                                  serial.o
                                                  lcd.o
                                                  ks0108b.o
                                                  font.o
                                                  draw.o
                                                  backlight.o
                                                  main.o
main                                              main.o
                                                  /usr/local/CrossPack-AVR-20131216/lib/gcc/avr/4.8.1/../../../../avr/lib/avr5/crtm168.o
memset                                            /usr/local/CrossPack-AVR-20131216/lib/gcc/avr/4.8.1/../../../../avr/lib/avr5/libc.a(memset.o)
                                                  t6963.o
prefs                                             sprite.o
                                                  serial.o
                                                  lcd.o
                                                  font.o
                                                  draw.o
                                                  main.o
serial_baudrate                                   serial.o
                                                  main.o
serial_flush                                      serial.o
                                                  main.o
serial_flushc                                     serial.o
                                                  ks0108b.o
serial_getc                                       serial.o
                                                  t6963.o
                                                  sprite.o
                                                  ks0108b.o
                                                  draw.o
                                                  main.o
serial_init                                       serial.o
serial_peek                                       serial.o
                                                  lcd.o
                                                  ks0108b.o
                                                  font.o
serial_putc                                       serial.o
                                                  lcd.o
                                                  main.o
sprite_draw                                       sprite.o
                                                  lcd.o
                                                  main.o
sprite_splash                                     sprite.o
                                                  main.o
sprite_upload                                     sprite.o
                                                  main.o
t6963_hline                                       t6963.o
                                                  main.o
t6963_init                                        t6963.o
                                                  main.o
t6963_read_row                                    t6963.o
t6963_rewrite_row                                 t6963.o
t6963_screen_clear                                t6963.o
                                                  main.o
t6963_screen_reverse                              t6963.o
                                                  main.o
t6963_set_pixel                                   t6963.o
                                                  main.o
t6963_set_row                                     t6963.o
t6963_vbitblt                                     t6963.o
                                                  main.o
t6963_vline                                       t6963.o
                                                  main.o
t6963_vscroll                                     t6963.o
                                                  main.o
t6963_write_row                                   t6963.o
write_block                                       ks0108b.o
x_dim                                             t6963.o
                                                  lcd.o
                                                  ks0108b.o
                                                  font.o
                                                  draw.o
                                                  main.o
y_dim                                             t6963.o
                                                  lcd.o
                                                  ks0108b.o
                                                  font.o
                                                  draw.o
                                                  main.o
